// Jest Snapshot v1, https://goo.gl/fbAQLP

exports[`withRNOrientationBridgingHeader updates the App Bridging-Header with the header import 1`] = `
"//
//  Use this file to import your target's public headers that you would like to expose to Swift.
//

#import "OrientationDirector.h""
`;
