// Jest Snapshot v1, https://goo.gl/fbAQLP

exports[`withRNOrientationAppDelegate updates the AppDelegate.mm with both header import and method implementation 1`] = `
"#import "AppDelegate.h"

#import <React/RCTBundleURLProvider.h>
#import <React/RCTLinkingManager.h>

// React Native Orientation Director @generated begin @react-native-orientation-director/library-header-import - expo prebuild (DO NOT MODIFY) sync-af1be02bd9ab897604a4cdcc4ca982116e706e09
#import "OrientationDirector.h"

// React Native Orientation Director @generated end @react-native-orientation-director/library-header-import
@implementation AppDelegate

- (BOOL)application:(UIApplication *)application didFinishLaunchingWithOptions:(NSDictionary *)launchOptions
{
  self.moduleName = @"main";

  // You can add your custom initial props in the dictionary below.
  // They will be passed down to the ViewController used by React Native.
  self.initialProps = @{};

  return [super application:application didFinishLaunchingWithOptions:launchOptions];
}

- (NSURL *)sourceURLForBridge:(RCTBridge *)bridge
{
  return [self bundleURL];
}

- (NSURL *)bundleURL
{
#if DEBUG
  return [[RCTBundleURLProvider sharedSettings] jsBundleURLForBundleRoot:@".expo/.virtual-metro-entry"];
#else
  return [[NSBundle mainBundle] URLForResource:@"main" withExtension:@"jsbundle"];
#endif
}

// Linking API
- (BOOL)application:(UIApplication *)application openURL:(NSURL *)url options:(NSDictionary<UIApplicationOpenURLOptionsKey,id> *)options {
  return [super application:application openURL:url options:options] || [RCTLinkingManager application:application openURL:url options:options];
}

// Universal Links
- (BOOL)application:(UIApplication *)application continueUserActivity:(nonnull NSUserActivity *)userActivity restorationHandler:(nonnull void (^)(NSArray<id<UIUserActivityRestoring>> * _Nullable))restorationHandler {
  BOOL result = [RCTLinkingManager application:application continueUserActivity:userActivity restorationHandler:restorationHandler];
  return [super application:application continueUserActivity:userActivity restorationHandler:restorationHandler] || result;
}

// Explicitly define remote notification delegates to ensure compatibility with some third-party libraries
- (void)application:(UIApplication *)application didRegisterForRemoteNotificationsWithDeviceToken:(NSData *)deviceToken
{
  return [super application:application didRegisterForRemoteNotificationsWithDeviceToken:deviceToken];
}

// Explicitly define remote notification delegates to ensure compatibility with some third-party libraries
- (void)application:(UIApplication *)application didFailToRegisterForRemoteNotificationsWithError:(NSError *)error
{
  return [super application:application didFailToRegisterForRemoteNotificationsWithError:error];
}

// Explicitly define remote notification delegates to ensure compatibility with some third-party libraries
- (void)application:(UIApplication *)application didReceiveRemoteNotification:(NSDictionary *)userInfo fetchCompletionHandler:(void (^)(UIBackgroundFetchResult))completionHandler
{
  return [super application:application didReceiveRemoteNotification:userInfo fetchCompletionHandler:completionHandler];
}

// React Native Orientation Director @generated begin @react-native-orientation-director/supportedInterfaceOrientationsFor-implementation - expo prebuild (DO NOT MODIFY) sync-db0218e305837273a44b9637a03e163243490ed6
- (UIInterfaceOrientationMask)application:(UIApplication *)application supportedInterfaceOrientationsForWindow:(UIWindow *)window
{
  return [OrientationDirector getSupportedInterfaceOrientationsForWindow];
}

// React Native Orientation Director @generated end @react-native-orientation-director/supportedInterfaceOrientationsFor-implementation
@end
"
`;

exports[`withRNOrientationAppDelegate updates the AppDelegate52.swift with the method implementation having public override when sdk is < 53 1`] = `
"import UIKit
import React
import React_RCTAppDelegate
import ReactAppDependencyProvider

@main
class AppDelegate: RCTAppDelegate {
  override func application(_ application: UIApplication, didFinishLaunchingWithOptions launchOptions: [UIApplication.LaunchOptionsKey : Any]? = nil) -> Bool {
    self.moduleName = "main"
    self.dependencyProvider = RCTAppDependencyProvider()

    // You can add your custom initial props in the dictionary below.
    // They will be passed down to the ViewController used by React Native.
    self.initialProps = [:]

    return super.application(application, didFinishLaunchingWithOptions: launchOptions)
  }
// React Native Orientation Director @generated begin @react-native-orientation-director/supportedInterfaceOrientationsFor-implementation - expo prebuild (DO NOT MODIFY) sync-e6869f486930a8ef16098c6ceec0011ee7ff621f

   func application(_ application: UIApplication, supportedInterfaceOrientationsFor window: UIWindow?) -> UIInterfaceOrientationMask {
    return OrientationDirector.getSupportedInterfaceOrientationsForWindow()
  }

// React Native Orientation Director @generated end @react-native-orientation-director/supportedInterfaceOrientationsFor-implementation

  override func sourceURL(for bridge: RCTBridge) -> URL? {
    self.bundleURL()
  }

  override func bundleURL() -> URL? {
#if DEBUG
    RCTBundleURLProvider.sharedSettings().jsBundleURL(forBundleRoot: "index")
#else
    Bundle.main.url(forResource: "main", withExtension: "jsbundle")
#endif
  }
}
"
`;

exports[`withRNOrientationAppDelegate updates the AppDelegate53.swift with the method implementation without override when sdk is greater than or equal to 53 1`] = `
"import Expo
import React
import ReactAppDependencyProvider

@UIApplicationMain
public class AppDelegate: ExpoAppDelegate {
  var window: UIWindow?

  var reactNativeDelegate: ExpoReactNativeFactoryDelegate?
  var reactNativeFactory: RCTReactNativeFactory?

  public override func application(
    _ application: UIApplication,
    didFinishLaunchingWithOptions launchOptions: [UIApplication.LaunchOptionsKey: Any]? = nil
  ) -> Bool {
    let delegate = ReactNativeDelegate()
    let factory = ExpoReactNativeFactory(delegate: delegate)
    delegate.dependencyProvider = RCTAppDependencyProvider()

    reactNativeDelegate = delegate
    reactNativeFactory = factory
    bindReactNativeFactory(factory)

#if os(iOS) || os(tvOS)
    window = UIWindow(frame: UIScreen.main.bounds)
    factory.startReactNative(
      withModuleName: "main",
      in: window,
      launchOptions: launchOptions)
#endif

    return super.application(application, didFinishLaunchingWithOptions: launchOptions)
  }
// React Native Orientation Director @generated begin @react-native-orientation-director/supportedInterfaceOrientationsFor-implementation - expo prebuild (DO NOT MODIFY) sync-147d50248b7b55d1acbe02fc03ff4cde90a30975

  public override func application(_ application: UIApplication, supportedInterfaceOrientationsFor window: UIWindow?) -> UIInterfaceOrientationMask {
    return OrientationDirector.getSupportedInterfaceOrientationsForWindow()
  }

// React Native Orientation Director @generated end @react-native-orientation-director/supportedInterfaceOrientationsFor-implementation

  // Linking API
  public override func application(
    _ app: UIApplication,
    open url: URL,
    options: [UIApplication.OpenURLOptionsKey: Any] = [:]
  ) -> Bool {
    return super.application(app, open: url, options: options) || RCTLinkingManager.application(app, open: url, options: options)
  }

  // Universal Links
  public override func application(
    _ application: UIApplication,
    continue userActivity: NSUserActivity,
    restorationHandler: @escaping ([UIUserActivityRestoring]?) -> Void
  ) -> Bool {
    let result = RCTLinkingManager.application(application, continue: userActivity, restorationHandler: restorationHandler)
    return super.application(application, continue: userActivity, restorationHandler: restorationHandler) || result
  }
}

class ReactNativeDelegate: ExpoReactNativeFactoryDelegate {
  // Extension point for config-plugins

  override func sourceURL(for bridge: RCTBridge) -> URL? {
    // needed to return the correct URL for expo-dev-client.
    bridge.bundleURL ?? bundleURL()
  }

  override func bundleURL() -> URL? {
#if DEBUG
    return RCTBundleURLProvider.sharedSettings().jsBundleURL(forBundleRoot: ".expo/.virtual-metro-entry")
#else
    return Bundle.main.url(forResource: "main", withExtension: "jsbundle")
#endif
  }
}
"
`;

exports[`withRNOrientationAppDelegate updates the AppDelegate53.swift with the method implementation without override when sdk is greater than or equal to 54 1`] = `
"import Expo
import React
import ReactAppDependencyProvider

@UIApplicationMain
public class AppDelegate: ExpoAppDelegate {
  var window: UIWindow?

  var reactNativeDelegate: ExpoReactNativeFactoryDelegate?
  var reactNativeFactory: RCTReactNativeFactory?

  public override func application(
    _ application: UIApplication,
    didFinishLaunchingWithOptions launchOptions: [UIApplication.LaunchOptionsKey: Any]? = nil
  ) -> Bool {
    let delegate = ReactNativeDelegate()
    let factory = ExpoReactNativeFactory(delegate: delegate)
    delegate.dependencyProvider = RCTAppDependencyProvider()

    reactNativeDelegate = delegate
    reactNativeFactory = factory
    bindReactNativeFactory(factory)

#if os(iOS) || os(tvOS)
    window = UIWindow(frame: UIScreen.main.bounds)
    factory.startReactNative(
      withModuleName: "main",
      in: window,
      launchOptions: launchOptions)
#endif

    return super.application(application, didFinishLaunchingWithOptions: launchOptions)
  }
// React Native Orientation Director @generated begin @react-native-orientation-director/supportedInterfaceOrientationsFor-implementation - expo prebuild (DO NOT MODIFY) sync-147d50248b7b55d1acbe02fc03ff4cde90a30975

  public override func application(_ application: UIApplication, supportedInterfaceOrientationsFor window: UIWindow?) -> UIInterfaceOrientationMask {
    return OrientationDirector.getSupportedInterfaceOrientationsForWindow()
  }

// React Native Orientation Director @generated end @react-native-orientation-director/supportedInterfaceOrientationsFor-implementation

  // Linking API
  public override func application(
    _ app: UIApplication,
    open url: URL,
    options: [UIApplication.OpenURLOptionsKey: Any] = [:]
  ) -> Bool {
    return super.application(app, open: url, options: options) || RCTLinkingManager.application(app, open: url, options: options)
  }

  // Universal Links
  public override func application(
    _ application: UIApplication,
    continue userActivity: NSUserActivity,
    restorationHandler: @escaping ([UIUserActivityRestoring]?) -> Void
  ) -> Bool {
    let result = RCTLinkingManager.application(application, continue: userActivity, restorationHandler: restorationHandler)
    return super.application(application, continue: userActivity, restorationHandler: restorationHandler) || result
  }
}

class ReactNativeDelegate: ExpoReactNativeFactoryDelegate {
  // Extension point for config-plugins

  override func sourceURL(for bridge: RCTBridge) -> URL? {
    // needed to return the correct URL for expo-dev-client.
    bridge.bundleURL ?? bundleURL()
  }

  override func bundleURL() -> URL? {
#if DEBUG
    return RCTBundleURLProvider.sharedSettings().jsBundleURL(forBundleRoot: ".expo/.virtual-metro-entry")
#else
    return Bundle.main.url(forResource: "main", withExtension: "jsbundle")
#endif
  }
}
"
`;
